// Jest Snapshot v1, https://goo.gl/fbAQLP

exports[`renders the App component 1`] = `
<BrowserRouter>
  <QueryParamProvider
    ReactRouterRoute={[Function]}
    key="0"
  >
    <Route
      component={[Function]}
      exact={true}
      path="/"
    />
  </QueryParamProvider>
</BrowserRouter>
`;
